// Jest Snapshot v1, https://goo.gl/fbAQLP

exports[`Custom404 page renders correctly 1`] = `
<body>
  <div>
    <div>
      <div
        class="header"
      >
        <div
          class="headerTitle"
        >
          <a
            href="/"
          >
            Robby's Ranking
          </a>
        </div>
        <div
          class="headerLink"
        >
          <a
            href="/game-count"
          >
            <span
              class="headingMd"
            >
              Game Count
            </span>
          </a>
        </div>
        <div
          class="headerLink"
        >
          <a
            href="/teams"
          >
            <span
              class="headingMd"
            >
              Teams
            </span>
          </a>
        </div>
        <div
          class="headerLink"
        >
          <a
            href="/about"
          >
            <span
              class="headingMd"
            >
              About
            </span>
          </a>
        </div>
        <div
          class="headerToggle"
        >
          <button
            aria-label="Change to light mode"
            class="css-1f6jnp0"
            title="Change to light mode"
            type="button"
          >
            <span
              class="css-194expn"
            />
            <span>
              üåô
            </span>
            <span>
              ‚òÄÔ∏è
            </span>
          </button>
        </div>
      </div>
      <div
        class="container"
      >
        <div
          class="contentWrap"
        >
          <h1>
            404 - Page not found
          </h1>
        </div>
        <div
          class="footer"
        >
          <a
            href="https://github.com/robby-barton/stats-web"
          >
            &lt;/&gt; - Site source
          </a>
          <br />
          <a
            href="https://github.com/robby-barton/stats-go"
          >
            &lt;/&gt; - Ranking source
          </a>
        </div>
      </div>
    </div>
  </div>
</body>
`;
