// Jest Snapshot v1, https://goo.gl/fbAQLP

exports[`Game Count page renders correctly 1`] = `
<body
  data-theme="light"
>
  <div>
    <div
      class="container"
    >
      <div
        class="header"
      >
        <div
          class="headerTitle"
        >
          <a
            href="/"
          >
            Robby's Ranking
          </a>
        </div>
        <div
          class="headerLink"
        >
          <a
            href="/game-count"
          >
            <span
              class="headingMd"
            >
              Game Count
            </span>
          </a>
        </div>
        <div
          class="headerLink"
        >
          <a
            href="/teams"
          >
            <span
              class="headingMd"
            >
              Teams
            </span>
          </a>
        </div>
        <div
          class="headerLink"
        >
          <a
            href="/about"
          >
            <span
              class="headingMd"
            >
              About
            </span>
          </a>
        </div>
        <div
          class="headerToggle"
        >
          <button
            aria-label="Change to light mode"
            class="css-1f6jnp0"
            title="Change to light mode"
            type="button"
          >
            <span
              class="css-194expn"
            />
            <span>
              üåô
            </span>
            <span>
              ‚òÄÔ∏è
            </span>
          </button>
        </div>
      </div>
      <div
        class="contentWrap"
      >
        <div>
          <div
            class="inputArea"
          >
            <div
              class="searchDiv"
            >
              <input
                class="searchInput"
                placeholder="Search Teams"
                type="search"
              />
            </div>
          </div>
          <table>
            <thead>
              <tr>
                <th
                  colspan="1"
                >
                  <div>
                    Team
                  </div>
                </th>
                <th
                  colspan="1"
                >
                  <div>
                    Sun
                  </div>
                </th>
                <th
                  colspan="1"
                >
                  <div>
                    Mon
                  </div>
                </th>
                <th
                  colspan="1"
                >
                  <div>
                    Tue
                  </div>
                </th>
                <th
                  colspan="1"
                >
                  <div>
                    Wed
                  </div>
                </th>
                <th
                  colspan="1"
                >
                  <div>
                    Thu
                  </div>
                </th>
                <th
                  colspan="1"
                >
                  <div>
                    Fri
                  </div>
                </th>
                <th
                  colspan="1"
                >
                  <div>
                    Sat
                  </div>
                </th>
                <th
                  colspan="1"
                >
                  <div>
                    Total
                  </div>
                </th>
              </tr>
            </thead>
            <tbody>
              <tr>
                <td>
                  <div
                    class="container"
                  >
                    <div
                      class="logo"
                    >
                      <img
                        alt="South Carolina"
                        data-nimg="fill"
                        decoding="async"
                        loading="lazy"
                        sizes="2rem"
                        src="http://localhost/_next/image?url=%2Fmona.png&w=3840&q=75"
                        srcset="/_next/image?url=%2Fmona.png&w=16&q=75 16w, /_next/image?url=%2Fmona.png&w=32&q=75 32w, /_next/image?url=%2Fmona.png&w=48&q=75 48w, /_next/image?url=%2Fmona.png&w=64&q=75 64w, /_next/image?url=%2Fmona.png&w=96&q=75 96w, /_next/image?url=%2Fmona.png&w=128&q=75 128w, /_next/image?url=%2Fmona.png&w=256&q=75 256w, /_next/image?url=%2Fmona.png&w=384&q=75 384w, /_next/image?url=%2Fmona.png&w=640&q=75 640w, /_next/image?url=%2Fmona.png&w=750&q=75 750w, /_next/image?url=%2Fmona.png&w=828&q=75 828w, /_next/image?url=%2Fmona.png&w=1080&q=75 1080w, /_next/image?url=%2Fmona.png&w=1200&q=75 1200w, /_next/image?url=%2Fmona.png&w=1920&q=75 1920w, /_next/image?url=%2Fmona.png&w=2048&q=75 2048w, /_next/image?url=%2Fmona.png&w=3840&q=75 3840w"
                        style="position: absolute; height: 100%; width: 100%; left: 0px; top: 0px; right: 0px; bottom: 0px; color: transparent;"
                      />
                    </div>
                    <div
                      class="name"
                    >
                      <span>
                        South Carolina
                      </span>
                    </div>
                  </div>
                </td>
                <td>
                  1
                </td>
                <td>
                  2
                </td>
                <td>
                  3
                </td>
                <td>
                  4
                </td>
                <td>
                  5
                </td>
                <td>
                  6
                </td>
                <td>
                  7
                </td>
                <td>
                  8
                </td>
              </tr>
            </tbody>
          </table>
        </div>
      </div>
      <div
        class="footer"
      >
        <a
          href="https://github.com/robby-barton/stats-web"
        >
          &lt;/&gt; - Site source
        </a>
        <br />
        <a
          href="https://github.com/robby-barton/stats-go"
        >
          &lt;/&gt; - Ranking source
        </a>
      </div>
    </div>
  </div>
</body>
`;
