// Jest Snapshot v1, https://goo.gl/fbAQLP

exports[`Home page renders correctly 1`] = `
<body
  data-theme="light"
>
  <div>
    <div
      class="container"
    >
      <div
        class="header"
      >
        <div
          class="headerTitle"
        >
          <a
            href="/"
          >
            Robby's Ranking
          </a>
        </div>
        <div
          class="headerLink"
        >
          <a
            href="/game-count"
          >
            <span
              class="headingMd"
            >
              Game Count
            </span>
          </a>
        </div>
        <div
          class="headerLink"
        >
          <a
            href="/teams"
          >
            <span
              class="headingMd"
            >
              Teams
            </span>
          </a>
        </div>
        <div
          class="headerLink"
        >
          <a
            href="/about"
          >
            <span
              class="headingMd"
            >
              About
            </span>
          </a>
        </div>
        <div
          class="headerToggle"
        >
          <button
            aria-label="Change to dark mode"
            class="css-1f6jnp0"
            title="Change to dark mode"
            type="button"
          >
            <span
              class="css-194expn"
            />
            <span>
              üåô
            </span>
            <span>
              ‚òÄÔ∏è
            </span>
          </button>
        </div>
      </div>
      <div
        class="contentWrap"
      >
        <div>
          <div
            class="inputArea"
          >
            <div
              class="selectorStyling"
            >
              <select
                class="divisionDropdown"
                title="division"
              >
                <option
                  value="fbs"
                >
                  FBS
                </option>
                <option
                  value="fcs"
                >
                  FCS
                </option>
              </select>
              <select
                class="yearDropdown"
                title="year"
              >
                <option
                  value="2023"
                >
                  2023
                </option>
              </select>
              <select
                class="weekDropdown"
                title="week"
              >
                <option
                  value="1"
                >
                  Week 1
                </option>
                <option
                  value="2"
                >
                  Week 2
                </option>
                <option
                  value="3"
                >
                  Week 3
                </option>
                <option
                  value="4"
                >
                  Week 4
                </option>
                <option
                  value="5"
                >
                  Week 5
                </option>
                <option
                  value="6"
                >
                  Week 6
                </option>
                <option
                  value="7"
                >
                  Week 7
                </option>
                <option
                  value="8"
                >
                  Week 8
                </option>
                <option
                  value="9"
                >
                  Week 9
                </option>
                <option
                  value="10"
                >
                  Week 10
                </option>
                <option
                  value="11"
                >
                  Week 11
                </option>
                <option
                  value="12"
                >
                  Week 12
                </option>
                <option
                  value="13"
                >
                  Week 13
                </option>
                <option
                  value="14"
                >
                  Week 14
                </option>
                <option
                  value="15"
                >
                  Week 15
                </option>
                <option
                  value="16"
                >
                  Week 16
                </option>
                <option
                  value="final"
                >
                  Final
                </option>
              </select>
            </div>
            <div
              class="searchDiv"
            >
              <input
                class="searchInput"
                placeholder="Search Teams"
                type="search"
              />
            </div>
          </div>
          <table>
            <thead>
              <tr>
                <th
                  class=""
                  colspan="1"
                >
                  <div
                    class="cursor-pointer select-none"
                  >
                    Rank
                  </div>
                </th>
                <th
                  class=""
                  colspan="1"
                >
                  <div
                    class="cursor-pointer select-none"
                  >
                    Team
                  </div>
                </th>
                <th
                  class=""
                  colspan="1"
                >
                  <div
                    class="cursor-pointer select-none"
                  >
                    Conf
                  </div>
                </th>
                <th
                  class=""
                  colspan="1"
                >
                  <div
                    class=""
                  >
                    Record
                  </div>
                </th>
                <th
                  class=""
                  colspan="1"
                >
                  <div
                    class="cursor-pointer select-none"
                  >
                    SRS
                  </div>
                </th>
                <th
                  class=""
                  colspan="1"
                >
                  <div
                    class="cursor-pointer select-none"
                  >
                    SOS
                  </div>
                </th>
                <th
                  class="lastColumn"
                  colspan="1"
                >
                  <div
                    class="cursor-pointer select-none"
                  >
                    Final
                  </div>
                </th>
              </tr>
            </thead>
            <tbody>
              <tr>
                <td
                  class=""
                >
                  26
                </td>
                <td
                  class=""
                >
                  <div
                    class="container"
                  >
                    <div
                      class="logo"
                    >
                      <img
                        alt="South Carolina"
                        data-nimg="fill"
                        decoding="async"
                        loading="lazy"
                        sizes="100vw"
                        src="http://localhost/_next/image?url=%2Flogos%2Flight%2F2579.png&w=3840&q=75"
                        srcset="/_next/image?url=%2Flogos%2Flight%2F2579.png&w=640&q=75 640w, /_next/image?url=%2Flogos%2Flight%2F2579.png&w=750&q=75 750w, /_next/image?url=%2Flogos%2Flight%2F2579.png&w=828&q=75 828w, /_next/image?url=%2Flogos%2Flight%2F2579.png&w=1080&q=75 1080w, /_next/image?url=%2Flogos%2Flight%2F2579.png&w=1200&q=75 1200w, /_next/image?url=%2Flogos%2Flight%2F2579.png&w=1920&q=75 1920w, /_next/image?url=%2Flogos%2Flight%2F2579.png&w=2048&q=75 2048w, /_next/image?url=%2Flogos%2Flight%2F2579.png&w=3840&q=75 3840w"
                        style="position: absolute; height: 100%; width: 100%; left: 0px; top: 0px; right: 0px; bottom: 0px; color: transparent;"
                      />
                    </div>
                    <div
                      class="name"
                    >
                      <span>
                        South Carolina
                      </span>
                    </div>
                  </div>
                </td>
                <td
                  class=""
                >
                  SEC
                </td>
                <td
                  class=""
                >
                  8-5
                </td>
                <td
                  class=""
                >
                  15
                </td>
                <td
                  class=""
                >
                  13
                </td>
                <td
                  class="lastColumn"
                >
                  0.12346
                </td>
              </tr>
            </tbody>
          </table>
        </div>
      </div>
      <div
        class="footer"
      >
        <a
          href="https://github.com/robby-barton/stats-web"
        >
          &lt;/&gt; - Site source
        </a>
        <br />
        <a
          href="https://github.com/robby-barton/stats-go"
        >
          &lt;/&gt; - Ranking source
        </a>
      </div>
    </div>
  </div>
</body>
`;
