// Jest Snapshot v1, https://goo.gl/fbAQLP

exports[`Team page renders correctly 1`] = `
<body
  data-theme="light"
>
  <div>
    <div>
      <div
        class="header"
      >
        <div
          class="headerTitle"
        >
          <a
            href="/"
          >
            Robby's Ranking
          </a>
        </div>
        <div
          class="headerLink"
        >
          <a
            href="/game-count"
          >
            <span
              class="headingMd"
            >
              Game Count
            </span>
          </a>
        </div>
        <div
          class="headerLink"
        >
          <a
            href="/teams"
          >
            <span
              class="headingMd"
            >
              Teams
            </span>
          </a>
        </div>
        <div
          class="headerLink"
        >
          <a
            href="/about"
          >
            <span
              class="headingMd"
            >
              About
            </span>
          </a>
        </div>
        <div
          class="headerToggle"
        >
          <button
            aria-label="Change to light mode"
            class="css-1f6jnp0"
            title="Change to light mode"
            type="button"
          >
            <span
              class="css-194expn"
            />
            <span>
              üåô
            </span>
            <span>
              ‚òÄÔ∏è
            </span>
          </button>
        </div>
      </div>
      <div
        class="container"
      >
        <div
          class="contentWrap"
        >
          <div
            class="teamName"
          >
            <div
              class="container"
            >
              <div
                class="logo"
              >
                <img
                  alt="South Carolina"
                  data-nimg="fill"
                  decoding="async"
                  loading="lazy"
                  src="http://localhost/mona.png"
                  style="position: absolute; height: 100%; width: 100%; left: 0px; top: 0px; right: 0px; bottom: 0px; color: transparent;"
                />
              </div>
              <div
                class="name"
              >
                <span>
                  South Carolina
                </span>
              </div>
            </div>
          </div>
        </div>
        <div
          class="footer"
        >
          <a
            href="https://github.com/robby-barton/stats-web"
          >
            &lt;/&gt; - Site source
          </a>
          <br />
          <a
            href="https://github.com/robby-barton/stats-go"
          >
            &lt;/&gt; - Ranking source
          </a>
        </div>
      </div>
    </div>
  </div>
</body>
`;
